WARNING: A terminally deprecated method in sun.misc.Unsafe has been called
WARNING: sun.misc.Unsafe::staticFieldBase has been called by com.google.inject.internal.aop.HiddenClassDefiner (file:/C:/Users/shifa/.m2/wrapper/dists/apache-maven-3.9.11/a2d47e15/lib/guice-5.1.0-classes.jar)
WARNING: Please consider reporting this to the maintainers of class com.google.inject.internal.aop.HiddenClassDefiner
WARNING: sun.misc.Unsafe::staticFieldBase will be removed in a future release
[INFO] Scanning for projects...
[INFO] 
[INFO] -------------------------< com.p:PGmanagement >-------------------------
[INFO] Building PGmanagement 0.0.1-SNAPSHOT
[INFO]   from pom.xml
[INFO] --------------------------------[ jar ]---------------------------------
[INFO] 
[INFO] >>> spring-boot:3.5.7:run (default-cli) > test-compile @ PGmanagement >>>
[INFO] 
[INFO] --- resources:3.3.1:resources (default-resources) @ PGmanagement ---
[INFO] Copying 1 resource from src\main\resources to target\classes
[INFO] Copying 0 resource from src\main\resources to target\classes
[INFO] 
[INFO] --- compiler:3.14.1:compile (default-compile) @ PGmanagement ---
[INFO] Nothing to compile - all classes are up to date.
[INFO] 
[INFO] --- resources:3.3.1:testResources (default-testResources) @ PGmanagement ---
[INFO] skip non existing resourceDirectory D:\projects\PG-Management-Systems\src\test\resources
[INFO] 
[INFO] --- compiler:3.14.1:testCompile (default-testCompile) @ PGmanagement ---
[INFO] No sources to compile
[INFO] 
[INFO] <<< spring-boot:3.5.7:run (default-cli) < test-compile @ PGmanagement <<<
[INFO] 
[INFO] 
[INFO] --- spring-boot:3.5.7:run (default-cli) @ PGmanagement ---
[INFO] Attaching agents: []

  .   ____          _            __ _ _
 /\\ / ___'_ __ _ _(_)_ __  __ _ \ \ \ \
( ( )\___ | '_ | '_| | '_ \/ _` | \ \ \ \
 \\/  ___)| |_)| | | | | || (_| |  ) ) ) )
  '  |____| .__|_| |_|_| |_\__, | / / / /
 =========|_|==============|___/=/_/_/_/

 :: Spring Boot ::                (v3.5.7)

2025-12-03T02:27:31.280+05:30  INFO 27548 --- [PGmanagement] [  restartedMain] com.parent.PGmanagementApplication       : Starting PGmanagementApplication using Java 24.0.1 with PID 27548 (D:\projects\PG-Management-Systems\target\classes started by shifa in D:\projects\PG-Management-Systems)
2025-12-03T02:27:31.282+05:30  INFO 27548 --- [PGmanagement] [  restartedMain] com.parent.PGmanagementApplication       : No active profile set, falling back to 1 default profile: "default"
2025-12-03T02:27:31.329+05:30  INFO 27548 --- [PGmanagement] [  restartedMain] .e.DevToolsPropertyDefaultsPostProcessor : Devtools property defaults active! Set 'spring.devtools.add-properties' to 'false' to disable
2025-12-03T02:27:31.329+05:30  INFO 27548 --- [PGmanagement] [  restartedMain] .e.DevToolsPropertyDefaultsPostProcessor : For additional web related logging consider setting the 'logging.level.web' property to 'DEBUG'
2025-12-03T02:27:32.030+05:30  INFO 27548 --- [PGmanagement] [  restartedMain] .s.d.r.c.RepositoryConfigurationDelegate : Bootstrapping Spring Data JPA repositories in DEFAULT mode.
2025-12-03T02:27:32.184+05:30  INFO 27548 --- [PGmanagement] [  restartedMain] .s.d.r.c.RepositoryConfigurationDelegate : Finished Spring Data repository scanning in 141 ms. Found 12 JPA repository interfaces.
2025-12-03T02:27:32.748+05:30  INFO 27548 --- [PGmanagement] [  restartedMain] o.s.b.w.embedded.tomcat.TomcatWebServer  : Tomcat initialized with port 8080 (http)
2025-12-03T02:27:32.765+05:30  INFO 27548 --- [PGmanagement] [  restartedMain] o.apache.catalina.core.StandardService   : Starting service [Tomcat]
2025-12-03T02:27:32.765+05:30  INFO 27548 --- [PGmanagement] [  restartedMain] o.apache.catalina.core.StandardEngine    : Starting Servlet engine: [Apache Tomcat/10.1.48]
2025-12-03T02:27:32.809+05:30  INFO 27548 --- [PGmanagement] [  restartedMain] o.a.c.c.C.[Tomcat].[localhost].[/]       : Initializing Spring embedded WebApplicationContext
2025-12-03T02:27:32.809+05:30  INFO 27548 --- [PGmanagement] [  restartedMain] w.s.c.ServletWebServerApplicationContext : Root WebApplicationContext: initialization completed in 1479 ms
2025-12-03T02:27:32.971+05:30  INFO 27548 --- [PGmanagement] [  restartedMain] o.hibernate.jpa.internal.util.LogHelper  : HHH000204: Processing PersistenceUnitInfo [name: default]
2025-12-03T02:27:33.038+05:30  INFO 27548 --- [PGmanagement] [  restartedMain] org.hibernate.Version                    : HHH000412: Hibernate ORM core version 6.6.33.Final
2025-12-03T02:27:33.088+05:30  INFO 27548 --- [PGmanagement] [  restartedMain] o.h.c.internal.RegionFactoryInitiator    : HHH000026: Second-level cache disabled
2025-12-03T02:27:33.420+05:30  INFO 27548 --- [PGmanagement] [  restartedMain] o.s.o.j.p.SpringPersistenceUnitInfo      : No LoadTimeWeaver setup: ignoring JPA class transformer
2025-12-03T02:27:33.461+05:30  INFO 27548 --- [PGmanagement] [  restartedMain] com.zaxxer.hikari.HikariDataSource       : HikariPool-1 - Starting...
2025-12-03T02:27:33.691+05:30  INFO 27548 --- [PGmanagement] [  restartedMain] com.zaxxer.hikari.pool.HikariPool        : HikariPool-1 - Added connection org.postgresql.jdbc.PgConnection@35ceb736
2025-12-03T02:27:33.692+05:30  INFO 27548 --- [PGmanagement] [  restartedMain] com.zaxxer.hikari.HikariDataSource       : HikariPool-1 - Start completed.
2025-12-03T02:27:33.795+05:30  INFO 27548 --- [PGmanagement] [  restartedMain] org.hibernate.orm.connections.pooling    : HHH10001005: Database info:
	Database JDBC URL [Connecting through datasource 'HikariDataSource (HikariPool-1)']
	Database driver: undefined/unknown
	Database version: 18.0
	Autocommit mode: undefined/unknown
	Isolation level: undefined/unknown
	Minimum pool size: undefined/unknown
	Maximum pool size: undefined/unknown
2025-12-03T02:27:34.865+05:30  INFO 27548 --- [PGmanagement] [  restartedMain] o.h.e.t.j.p.i.JtaPlatformInitiator       : HHH000489: No JTA platform available (set 'hibernate.transaction.jta.platform' to enable JTA platform integration)
2025-12-03T02:27:35.087+05:30  INFO 27548 --- [PGmanagement] [  restartedMain] j.LocalContainerEntityManagerFactoryBean : Initialized JPA EntityManagerFactory for persistence unit 'default'
2025-12-03T02:27:35.576+05:30  INFO 27548 --- [PGmanagement] [  restartedMain] eAuthenticationProviderManagerConfigurer : Global AuthenticationManager configured with AuthenticationProvider bean with name authenticationProvider
2025-12-03T02:27:35.577+05:30  WARN 27548 --- [PGmanagement] [  restartedMain] r$InitializeUserDetailsManagerConfigurer : Global AuthenticationManager configured with an AuthenticationProvider bean. UserDetailsService beans will not be used by Spring Security for automatically configuring username/password login. Consider removing the AuthenticationProvider bean. Alternatively, consider using the UserDetailsService in a manually instantiated DaoAuthenticationProvider. If the current configuration is intentional, to turn off this warning, increase the logging level of 'org.springframework.security.config.annotation.authentication.configuration.InitializeUserDetailsBeanManagerConfigurer' to ERROR
2025-12-03T02:27:35.596+05:30  WARN 27548 --- [PGmanagement] [  restartedMain] JpaBaseConfiguration$JpaWebConfiguration : spring.jpa.open-in-view is enabled by default. Therefore, database queries may be performed during view rendering. Explicitly configure spring.jpa.open-in-view to disable this warning
2025-12-03T02:27:36.041+05:30  INFO 27548 --- [PGmanagement] [  restartedMain] o.s.b.d.a.OptionalLiveReloadServer       : LiveReload server is running on port 35729
2025-12-03T02:27:36.085+05:30  INFO 27548 --- [PGmanagement] [  restartedMain] o.s.b.w.embedded.tomcat.TomcatWebServer  : Tomcat started on port 8080 (http) with context path '/'
2025-12-03T02:27:36.091+05:30  INFO 27548 --- [PGmanagement] [  restartedMain] com.parent.PGmanagementApplication       : Started PGmanagementApplication in 5.184 seconds (process running for 5.596)
